apps/frontend/src/pages/ArtistDetail.tsx(3,18): error TS6133: 'AnimatePresence' is declared but its value is never read.
apps/frontend/src/pages/ArtistDetail.tsx(223,77): error TS2339: Property 'yearsOfExperience' does not exist on type 'Artist'.
